c[?7l[2J[0mSeaBIOS (version rel-1.16.0-0-gd239552ce722-prebuilt.qemu.org)


iPXE (http://ipxe.org) 00:03.0 CA00 PCI2.10 PnP PMM+07F91100+07EF1100 CA00
Press Ctrl-B to configure iPXE (PCI 00:03.0)...                                                                               


Booting from ROM..c[?7l[2J[    0.000000] Linux version 5.15.55 (root@e365d36e89e1) (gcc (Alpine 9.3.0) 9.3.0, GNU ld (GNU Binutils) 2.34) #1 SMP Tue Jul 26 01:49:10 UTC 2022
[    0.000000] Command line: root=/dev/ram init=/init console=ttyS0
[    0.000000] x86/fpu: x87 FPU will use FXSAVE
[    0.000000] signal: max sigframe size: 1440
[    0.000000] BIOS-provided physical RAM map:
[    0.000000] BIOS-e820: [mem 0x0000000000000000-0x000000000009fbff] usable
[    0.000000] BIOS-e820: [mem 0x000000000009fc00-0x000000000009ffff] reserved
[    0.000000] BIOS-e820: [mem 0x00000000000f0000-0x00000000000fffff] reserved
[    0.000000] BIOS-e820: [mem 0x0000000000100000-0x0000000007fdffff] usable
[    0.000000] BIOS-e820: [mem 0x0000000007fe0000-0x0000000007ffffff] reserved
[    0.000000] BIOS-e820: [mem 0x00000000fffc0000-0x00000000ffffffff] reserved
[    0.000000] NX (Execute Disable) protection: active
[    0.000000] SMBIOS 2.8 present.
[    0.000000] DMI: QEMU Standard PC (i440FX + PIIX, 1996), BIOS rel-1.16.0-0-gd239552ce722-prebuilt.qemu.org 04/01/2014
[    0.000000] last_pfn = 0x7fe0 max_arch_pfn = 0x400000000
[    0.000000] x86/PAT: Configuration [0-7]: WB  WC  UC- UC  WB  WP  UC- WT  
[    0.000000] found SMP MP-table at [mem 0x000f5ba0-0x000f5baf]
[    0.000000] RAMDISK: [mem 0x07fcc000-0x07fdffff]
[    0.000000] Zone ranges:
[    0.000000]   DMA      [mem 0x0000000000001000-0x0000000000ffffff]
[    0.000000]   DMA32    [mem 0x0000000001000000-0x0000000007fdffff]
[    0.000000]   Normal   empty
[    0.000000] Movable zone start for each node
[    0.000000] Early memory node ranges
[    0.000000]   node   0: [mem 0x0000000000001000-0x000000000009efff]
[    0.000000]   node   0: [mem 0x0000000000100000-0x0000000007fdffff]
[    0.000000] Initmem setup node 0 [mem 0x0000000000001000-0x0000000007fdffff]
[    0.000000] On node 0, zone DMA: 1 pages in unavailable ranges
[    0.000000] On node 0, zone DMA: 97 pages in unavailable ranges
[    0.000000] On node 0, zone DMA32: 32 pages in unavailable ranges
[    0.000000] Intel MultiProcessor Specification v1.4
[    0.000000] MPTABLE: OEM ID: BOCHSCPU
[    0.000000] MPTABLE: Product ID: 0.1         
[    0.000000] MPTABLE: APIC at: 0xFEE00000
[    0.000000] Processor #0 (Bootup-CPU)
[    0.000000] IOAPIC[0]: apic_id 0, version 32, address 0xfec00000, GSI 0-23
[    0.000000] Processors: 1
[    0.000000] smpboot: Allowing 1 CPUs, 0 hotplug CPUs
[    0.000000] [mem 0x08000000-0xfffbffff] available for PCI devices
[    0.000000] clocksource: refined-jiffies: mask: 0xffffffff max_cycles: 0xffffffff, max_idle_ns: 1910969940391419 ns
[    0.000000] setup_percpu: NR_CPUS:4 nr_cpumask_bits:4 nr_cpu_ids:1 nr_node_ids:1
[    0.000000] percpu: Embedded 43 pages/cpu s136344 r8192 d31592 u2097152
[    0.000000] Built 1 zonelists, mobility grouping on.  Total pages: 31968
[    0.000000] Kernel command line: root=/dev/ram init=/init console=ttyS0
[    0.000000] Dentry cache hash table entries: 16384 (order: 5, 131072 bytes, linear)
[    0.000000] Inode-cache hash table entries: 8192 (order: 4, 65536 bytes, linear)
[    0.000000] mem auto-init: stack:off, heap alloc:off, heap free:off
[    0.000000] Memory: 108636K/130552K available (8195K kernel code, 1353K rwdata, 1600K rodata, 908K init, 1600K bss, 21656K reserved, 0K cma-reserved)
[    0.000000] SLUB: HWalign=64, Order=0-3, MinObjects=0, CPUs=1, Nodes=1
[    0.000000] rcu: Hierarchical RCU implementation.
[    0.000000] rcu: 	RCU restricting CPUs from NR_CPUS=4 to nr_cpu_ids=1.
[    0.000000] rcu: RCU calculated value of scheduler-enlistment delay is 100 jiffies.
[    0.000000] rcu: Adjusting geometry for rcu_fanout_leaf=16, nr_cpu_ids=1
[    0.000000] NR_IRQS: 4352, nr_irqs: 48, preallocated irqs: 16
[    0.000000] Console: colour VGA+ 80x25
[    0.000000] printk: console [ttyS0] enabled
[    0.002000] APIC: Switch to symmetric I/O mode setup
[    0.006000] ..TIMER: vector=0x30 apic1=0 pin1=2 apic2=-1 pin2=-1
[    0.014000] tsc: Unable to calibrate against PIT
[    0.014000] tsc: No reference (HPET/PMTIMER) available
[    0.014000] tsc: Marking TSC unstable due to could not calculate TSC khz
[    0.016000] Calibrating delay loop... 659.45 BogoMIPS (lpj=329728)
[    0.025000] pid_max: default: 32768 minimum: 301
[    0.026000] LSM: Security Framework initializing
[    0.028000] Mount-cache hash table entries: 512 (order: 0, 4096 bytes, linear)
[    0.029000] Mountpoint-cache hash table entries: 512 (order: 0, 4096 bytes, linear)
[    0.051000] process: using AMD E400 aware idle routine
[    0.052000] Last level iTLB entries: 4KB 512, 2MB 255, 4MB 127
[    0.052000] Last level dTLB entries: 4KB 512, 2MB 255, 4MB 127, 1GB 0
[    0.053000] Spectre V1 : Mitigation: usercopy/swapgs barriers and __user pointer sanitization
[    0.053000] Spectre V2 : Mitigation: Retpolines
[    0.054000] Spectre V2 : Spectre v2 / SpectreRSB mitigation: Filling RSB on context switch
[    0.273000] Freeing SMP alternatives memory: 24K
[    0.496000] APIC timer disabled due to verification failure
[    0.496000] smpboot: CPU0: AMD QEMU Virtual CPU version 2.5+ (family: 0xf, model: 0x6b, stepping: 0x1)
[    0.508000] Performance Events: PMU not available due to virtualization, using software events only.
[    0.511000] rcu: Hierarchical SRCU implementation.
[    0.518000] smp: Bringing up secondary CPUs ...
[    0.519000] smp: Brought up 1 node, 1 CPU
[    0.519000] smpboot: Max logical packages: 1
[    0.519000] smpboot: Total of 1 processors activated (659.45 BogoMIPS)
[    0.534000] devtmpfs: initialized
[    0.542000] clocksource: jiffies: mask: 0xffffffff max_cycles: 0xffffffff, max_idle_ns: 1911260446275000 ns
[    0.543000] futex hash table entries: 256 (order: 2, 16384 bytes, linear)
[    0.547000] NET: Registered PF_NETLINK/PF_ROUTE protocol family
[    0.559000] PCI: Using configuration type 1 for base access
[    0.579000] Kprobes globally optimized
[    0.582000] HugeTLB registered 2.00 MiB page size, pre-allocated 0 pages
[    0.601000] vgaarb: loaded
[    0.603000] SCSI subsystem initialized
[    0.605000] usbcore: registered new interface driver usbfs
[    0.605000] usbcore: registered new interface driver hub
[    0.606000] usbcore: registered new device driver usb
[    0.619000] PCI: Probing PCI hardware
[    0.620000] PCI host bridge to bus 0000:00
[    0.620000] pci_bus 0000:00: root bus resource [io  0x0000-0xffff]
[    0.621000] pci_bus 0000:00: root bus resource [mem 0x00000000-0xffffffffff]
[    0.621000] pci_bus 0000:00: No busn resource found for root bus, will use [bus 00-ff]
[    0.624000] pci 0000:00:00.0: [8086:1237] type 00 class 0x060000
[    0.627000] pci 0000:00:01.0: [8086:7000] type 00 class 0x060100
[    0.627000] pci 0000:00:01.1: [8086:7010] type 00 class 0x010180
[    0.629000] pci 0000:00:01.1: reg 0x20: [io  0xc040-0xc04f]
[    0.631000] pci 0000:00:01.1: legacy IDE quirk: reg 0x10: [io  0x01f0-0x01f7]
[    0.632000] pci 0000:00:01.1: legacy IDE quirk: reg 0x14: [io  0x03f6]
[    0.632000] pci 0000:00:01.1: legacy IDE quirk: reg 0x18: [io  0x0170-0x0177]
[    0.632000] pci 0000:00:01.1: legacy IDE quirk: reg 0x1c: [io  0x0376]
[    0.633000] pci 0000:00:01.3: [8086:7113] type 00 class 0x068000
[    0.634000] pci 0000:00:01.3: quirk: [io  0x0600-0x063f] claimed by PIIX4 ACPI
[    0.635000] pci 0000:00:01.3: quirk: [io  0x0700-0x070f] claimed by PIIX4 SMB
[    0.636000] pci 0000:00:02.0: [1234:1111] type 00 class 0x030000
[    0.637000] pci 0000:00:02.0: reg 0x10: [mem 0xfd000000-0xfdffffff pref]
[    0.637000] pci 0000:00:02.0: reg 0x18: [mem 0xfebf0000-0xfebf0fff]
[    0.641000] pci 0000:00:02.0: reg 0x30: [mem 0xfebe0000-0xfebeffff pref]
[    0.642000] pci 0000:00:02.0: Video device with shadowed ROM at [mem 0x000c0000-0x000dffff]
[    0.642000] pci 0000:00:02.0: vgaarb: setting as boot VGA device
[    0.642000] pci 0000:00:02.0: vgaarb: VGA device added: decodes=io+mem,owns=io+mem,locks=none
[    0.643000] pci 0000:00:03.0: [8086:100e] type 00 class 0x020000
[    0.644000] pci 0000:00:03.0: reg 0x10: [mem 0xfebc0000-0xfebdffff]
[    0.645000] pci 0000:00:03.0: reg 0x14: [io  0xc000-0xc03f]
[    0.647000] pci 0000:00:03.0: reg 0x30: [mem 0xfeb80000-0xfebbffff pref]
[    0.650000] pci_bus 0000:00: busn_res: [bus 00-ff] end is updated to 00
[    0.652000] pci 0000:00:01.0: PIIX/ICH IRQ router [8086:7000]
[    0.654999] clocksource: Switched to clocksource refined-jiffies
[    0.655999] VFS: Disk quotas dquot_6.6.0
[    0.656999] VFS: Dquot-cache hash table entries: 512 (order 0, 4096 bytes)
[    0.669997] NET: Registered PF_INET protocol family
[    0.670997] IP idents hash table entries: 2048 (order: 2, 16384 bytes, linear)
[    0.677996] tcp_listen_portaddr_hash hash table entries: 256 (order: 0, 4096 bytes, linear)
[    0.678996] Table-perturb hash table entries: 65536 (order: 6, 262144 bytes, linear)
[    0.679996] TCP established hash table entries: 1024 (order: 1, 8192 bytes, linear)
[    0.679996] TCP bind hash table entries: 1024 (order: 2, 16384 bytes, linear)
[    0.680995] TCP: Hash tables configured (established 1024 bind 1024)
[    0.683995] UDP hash table entries: 256 (order: 1, 8192 bytes, linear)
[    0.684995] UDP-Lite hash table entries: 256 (order: 1, 8192 bytes, linear)
[    0.685995] NET: Registered PF_UNIX/PF_LOCAL protocol family
[    0.687994] pci_bus 0000:00: resource 4 [io  0x0000-0xffff]
[    0.687994] pci_bus 0000:00: resource 5 [mem 0x00000000-0xffffffffff]
[    0.688994] pci 0000:00:01.0: PIIX3: Enabling Passive Release
[    0.688994] pci 0000:00:00.0: Limiting direct PCI/PCI transfers
[    0.689994] pci 0000:00:01.0: Activating ISA DMA hang workarounds
[    0.689994] PCI: CLS 0 bytes, default 64
[    0.691994] platform rtc_cmos: registered platform RTC device (no PNP device found)
[    0.697993] Unpacking initramfs...
[    0.707991] workingset: timestamp_bits=62 max_order=15 bucket_order=0
[    0.717990] Freeing initrd memory: 80K
[    0.758984] Block layer SCSI generic (bsg) driver version 0.4 loaded (major 253)
[    0.758984] io scheduler mq-deadline registered
[    0.759983] io scheduler kyber registered
[    0.761983] Serial: 8250/16550 driver, 4 ports, IRQ sharing enabled
ÿ[    1.024943] serial8250: ttyS0 at I/O 0x3f8 (irq = 4, base_baud = 115200) is a 16550A
[    1.029942] Non-volatile memory driver v1.3
[    1.044940] loop: module loaded
[    1.054939] scsi host0: ata_piix
[    1.057938] scsi host1: ata_piix
[    1.057938] ata1: PATA max MWDMA2 cmd 0x1f0 ctl 0x3f6 bmdma 0xc040 irq 14
[    1.058938] ata2: PATA max MWDMA2 cmd 0x170 ctl 0x376 bmdma 0xc048 irq 15
[    1.064937] ehci_hcd: USB 2.0 'Enhanced' Host Controller (EHCI) Driver
[    1.065937] ehci-pci: EHCI PCI platform driver
[    1.065937] ohci_hcd: USB 1.1 'Open' Host Controller (OHCI) Driver
[    1.066937] ohci-pci: OHCI PCI platform driver
[    1.066937] uhci_hcd: USB Universal Host Controller Interface driver
[    1.068936] usbcore: registered new interface driver usblp
[    1.068936] usbcore: registered new interface driver usb-storage
[    1.071936] serio: i8042 KBD port at 0x60,0x64 irq 1
[    1.072936] serio: i8042 AUX port at 0x60,0x64 irq 12
[    1.080935] input: AT Translated Set 2 keyboard as /devices/platform/i8042/serio0/input/input0
[    1.084934] rtc_cmos rtc_cmos: registered as rtc0
[    1.084934] rtc_cmos rtc_cmos: alarms up to one day, 114 bytes nvram
[    1.085934] hid: raw HID events driver (C) Jiri Kosina
[    1.090933] usbcore: registered new interface driver usbhid
[    1.091933] usbhid: USB HID core driver
[    1.091933] Initializing XFRM netlink socket
[    1.092933] NET: Registered PF_INET6 protocol family
[    1.103931] Segment Routing with IPv6
[    1.103931] In-situ OAM (IOAM) with IPv6
[    1.104931] sit: IPv6, IPv4 and MPLS over IPv4 tunneling driver
[    1.108930] NET: Registered PF_PACKET protocol family
[    1.110930] IPI shorthand broadcast: enabled
[    1.110930] registered taskstats version 1
[    1.231912] ata2.00: ATAPI: QEMU DVD-ROM, 2.5+, max UDMA/100
[    1.244910] scsi 1:0:0:0: CD-ROM            QEMU     QEMU DVD-ROM     2.5+ PQ: 0 ANSI: 5
[    1.267906] sr 1:0:0:0: [sr0] scsi3-mmc drive: 4x/4x cd/rw xa/form2 tray
[    1.268906] cdrom: Uniform CD-ROM driver Revision: 3.20
[    1.288903] sr 1:0:0:0: Attached scsi generic sg0 type 5
[    1.330897] Freeing unused kernel image (initmem) memory: 908K
[    1.332896] Write protecting the kernel read-only data: 12288k
[    1.337896] Freeing unused kernel image (text/rodata gap) memory: 2044K
[    1.338895] Freeing unused kernel image (rodata/data gap) memory: 448K
[    1.339895] Run /init as init process
Hi!
[    1.745834] input: ImExPS/2 Generic Explorer Mouse as /devices/platform/i8042/serio1/input/input2
Hi!
Hi!
Hi!
Hi!
Hi!
Hi!
Hi!
Hi!
Hi!
Hi!
^CHi!
^CHi!
Hi!
Hi!
Hi!
